terminal_works_07/07/2026 18:41:11